python : Traceback (most 
recent call last):
At line:1 char:1
+ python test_gui.py 2>&1 
| Out-File -Encoding utf8 
test_log.txt
+ ~~~~~~~~~~~~~~~~~~~~~~~
    + CategoryInfo        
      : NotSpecified: (T  
  raceback (most recent   
  call last)::String)     
[], RemoteException
    + FullyQualifiedError 
   Id : NativeCommandErr  
  or
 
  File "D:\Senior 2\Layout
_Project\Automation\AI-Bas
ed-Analog-Layout-Automatio
n_tst\AI-Based-Analog-Layo
ut-Automation\test_gui.py"
, line 10, in <module>
    data = w._run_parser_p
ipeline('Test/Inverter.sp'
, '')
  File "D:\Senior 2\Layout
_Project\Automation\AI-Bas
ed-Analog-Layout-Automatio
n_tst\AI-Based-Analog-Layo
ut-Automation\symbolic_edi
tor\main.py", line 1891, 
in _run_parser_pipeline
    netlist = 
read_netlist(sp_path)
  File "D:\Senior 2\Layout
_Project\Automation\AI-Bas
ed-Analog-Layout-Automatio
n_tst\AI-Based-Analog-Layo
ut-Automation\parser\netli
st_reader.py", line 146, 
in read_netlist
    flat_lines = 
flatten_netlist(filename)
  File "D:\Senior 2\Layout
_Project\Automation\AI-Bas
ed-Analog-Layout-Automatio
n_tst\AI-Based-Analog-Layo
ut-Automation\parser\hiera
rchy.py", line 166, in 
flatten_netlist
    with open(filename) 
as f:
         ~~~~^^^^^^^^^^
FileNotFoundError: [Errno 
2] No such file or 
directory: 
'Test/Inverter.sp'
QThread: Destroyed while 
thread '' is still running
